Turbo Assembler	 Version 4.1	    02/19/24 13:58:31	    Page 1
test.asm



      1	0000			     sseg segment stack
      2	0000  0100*(??)			     db	256 DUP(?)
      3	0100			     sseg ends
      4
      5	0000			     dseg segment
      6	0000  48 65 6C 6C 6F 21	0D+	     message db	"Hello!", 0dh, 0ah, '$'
      7	      0A 24
      8	0009			     dseg ends
      9
     10	0000			     cseg segment
     11					     assume CS:cseg, DS:dseg
     12	0000			     start:
     13	0000  B8 0000s			     mov AX, sseg
     14	0003  8E D0			     mov SS, AX
     15	0005  BC 0100r			     mov sp, offset sseg + 256 ; Set stack pointer
     16
     17	0008  B8 0000s			     mov AX, dseg
     18	000B  8E D8			     mov DS, AX
     19
     20	000D  BA 0000r			     lea DX, message ; Load effective address of the message into DX
     21	0010  B4 09			     mov AH, 9	     ; DOS function to print string
     22	0012  CD 21			     int 21h
     23
     24	0014  B8 4C00			     mov AX, 4c00h   ; DOS function to exit
     25	0017  CD 21			     int 21h
     26	0019			     cseg ends
     27
     28				     end start
Turbo Assembler	 Version 4.1	    02/19/24 13:58:31	    Page 2
Symbol Table




Symbol Name			  Type	 Value

??DATE				  Text	 "02/19/24"
??FILENAME			  Text	 "test	  "
??TIME				  Text	 "13:58:31"
??VERSION			  Number 040A
@CPU				  Text	 0101H
@CURSEG				  Text	 CSEG
@FILENAME			  Text	 TEST
@WORDSIZE			  Text	 2
MESSAGE				  Byte	 DSEG:0000
START				  Near	 CSEG:0000

Groups & Segments		  Bit Size Align  Combine Class

CSEG				  16  0019 Para	  none
DSEG				  16  0009 Para	  none
SSEG				  16  0100 Para	  Stack
